// Jest Snapshot v1, https://goo.gl/fbAQLP

exports[`render button 1`] = `
<View
  style={
    {
      "alignItems": "center",
      "backgroundColor": "#334FFA",
      "borderRadius": 20,
      "elevation": 5,
      "height": 224,
      "justifyContent": "center",
      "shadowColor": "#000",
      "shadowOffset": {
        "height": 2,
        "width": 0,
      },
      "shadowOpacity": 0.25,
      "shadowRadius": 3.84,
      "width": 546,
    }
  }
>
  <Text
    style={
      {
        "color": "#ffffff",
        "fontFamily": "Avenir",
        "fontSize": 25,
        "fontWeight": "900",
        "marginLeft": -343.5,
        "marginTop": -31.5,
      }
    }
  >
    Diciembre
  </Text>
  <Text
    style={
      {
        "color": "#ffffff",
        "fontFamily": "Avenir",
        "fontSize": 50,
        "fontWeight": "900",
      }
    }
  >
    10,000.00
     pts
  </Text>
</View>
`;

exports[`render score 1`] = `
<View
  style={
    {
      "alignItems": "center",
      "backgroundColor": "#334FFA",
      "borderRadius": 20,
      "elevation": 5,
      "height": 224,
      "justifyContent": "center",
      "shadowColor": "#000",
      "shadowOffset": {
        "height": 2,
        "width": 0,
      },
      "shadowOpacity": 0.25,
      "shadowRadius": 3.84,
      "width": 546,
    }
  }
>
  <Text
    style={
      {
        "color": "#ffffff",
        "fontFamily": "Avenir",
        "fontSize": 25,
        "fontWeight": "900",
        "marginLeft": -343.5,
        "marginTop": -31.5,
      }
    }
  >
    Diciembre
  </Text>
  <Text
    style={
      {
        "color": "#ffffff",
        "fontFamily": "Avenir",
        "fontSize": 50,
        "fontWeight": "900",
      }
    }
  >
    10,000.00
     pts
  </Text>
</View>
`;
