// Jest Snapshot v1, https://goo.gl/fbAQLP

exports[`render header 1`] = `
<Text
  style={
    {
      "color": "#9B9898",
      "fontFamily": "Avenir",
      "fontSize": 22,
      "fontWeight": "900",
      "marginBottom": 31.5,
      "marginTop": 28,
    }
  }
>
  Hello world!
</Text>
`;
