// Jest Snapshot v1, https://goo.gl/fbAQLP

exports[`render name product 1`] = `
<Text
  style={
    {
      "color": "#000000",
      "fontFamily": "Avenir",
      "fontSize": 22,
      "fontWeight": "800",
    }
  }
>
  Hello world!
</Text>
`;
