// Jest Snapshot v1, https://goo.gl/fbAQLP

exports[`render price product 1`] = `
<Text
  style={
    {
      "color": "#000000",
      "fontFamily": "Avenir",
      "fontSize": 25,
      "fontWeight": "800",
      "width": 124,
    }
  }
>
   
  Hello world!
</Text>
`;
