// Jest Snapshot v1, https://goo.gl/fbAQLP

exports[`render user name 1`] = `
<Text
  style={
    {
      "color": "#020202",
      "fontFamily": "Avenir",
      "fontSize": 25,
      "fontWeight": "400",
    }
  }
>
  Hello world!
</Text>
`;
